// Vitest Snapshot v1, https://vitest.dev/guide/snapshot.html

exports[`getTableConfigForAWorkSheet > Critical_Machine_Checks_Form_responses.xlsx real test case 1 1`] = `
[
  {
    "fieldType": "string",
    "header": "Form Name",
    "isHyperlink": true,
    "needIndex": false,
    "notNull": false,
    "primary": false,
    "skip": false,
    "sqlColumn": "Form Name",
  },
  {
    "fieldType": "string",
    "header": "Submission Number",
    "isHyperlink": true,
    "needIndex": false,
    "notNull": false,
    "primary": false,
    "skip": false,
    "sqlColumn": "Submission Number",
  },
  {
    "fieldType": "timestamp",
    "header": "Sent At",
    "isHyperlink": true,
    "needIndex": true,
    "notNull": false,
    "primary": false,
    "skip": false,
    "sqlColumn": "Sent At",
  },
  {
    "fieldType": "string",
    "header": "Sender Name",
    "isHyperlink": true,
    "needIndex": false,
    "notNull": false,
    "primary": false,
    "skip": false,
    "sqlColumn": "Sender Name",
  },
  {
    "fieldType": "string",
    "header": "Sender Identifier",
    "isHyperlink": true,
    "needIndex": false,
    "notNull": false,
    "primary": false,
    "skip": false,
    "sqlColumn": "Sender Identifier",
  },
  {
    "fieldType": "string",
    "header": "Sender Department",
    "isHyperlink": true,
    "needIndex": false,
    "notNull": false,
    "primary": false,
    "skip": false,
    "sqlColumn": "Sender Department",
  },
  {
    "fieldType": "string",
    "header": "Sender Designation",
    "isHyperlink": true,
    "needIndex": false,
    "notNull": false,
    "primary": false,
    "skip": false,
    "sqlColumn": "Sender Designation",
  },
  {
    "fieldType": "string",
    "header": "Sender Location",
    "isHyperlink": true,
    "needIndex": true,
    "notNull": false,
    "primary": false,
    "skip": false,
    "sqlColumn": "Sender Location",
  },
  {
    "fieldType": "string",
    "header": "Sender Division",
    "isHyperlink": true,
    "needIndex": false,
    "notNull": false,
    "primary": false,
    "skip": false,
    "sqlColumn": "Sender Division",
  },
  {
    "fieldType": "string",
    "header": "Sender Sub Division",
    "isHyperlink": true,
    "needIndex": false,
    "notNull": false,
    "primary": false,
    "skip": false,
    "sqlColumn": "Sender Sub Division",
  },
  {
    "fieldType": "string",
    "header": "Current Status",
    "isHyperlink": true,
    "needIndex": false,
    "notNull": false,
    "primary": false,
    "skip": false,
    "sqlColumn": "Current Status",
  },
  {
    "fieldType": "string",
    "header": "Remarks",
    "isHyperlink": true,
    "needIndex": false,
    "notNull": false,
    "primary": false,
    "skip": false,
    "sqlColumn": "Remarks",
  },
  {
    "fieldType": "string",
    "header": "Name",
    "isHyperlink": true,
    "needIndex": false,
    "notNull": false,
    "primary": false,
    "skip": false,
    "sqlColumn": "Name",
  },
  {
    "fieldType": "string",
    "header": "Response Link",
    "isHyperlink": true,
    "needIndex": false,
    "notNull": false,
    "primary": false,
    "skip": false,
    "sqlColumn": "Response Link",
  },
  {
    "fieldType": "string",
    "header": "Stage 1: Date",
    "isHyperlink": true,
    "needIndex": false,
    "notNull": false,
    "primary": false,
    "skip": false,
    "sqlColumn": "Stage 1: Date",
  },
  {
    "fieldType": "string",
    "header": "Stage 1: Name",
    "isHyperlink": true,
    "needIndex": false,
    "notNull": false,
    "primary": false,
    "skip": false,
    "sqlColumn": "Stage 1: Name",
  },
  {
    "fieldType": "string",
    "header": "Stage 1: Action",
    "isHyperlink": true,
    "needIndex": false,
    "notNull": false,
    "primary": false,
    "skip": false,
    "sqlColumn": "Stage 1: Action",
  },
  {
    "fieldType": "string",
    "header": "Stage 1: Location",
    "isHyperlink": true,
    "needIndex": false,
    "notNull": false,
    "primary": false,
    "skip": false,
    "sqlColumn": "Stage 1: Location",
  },
  {
    "fieldType": "string",
    "header": "Select your location",
    "isHyperlink": true,
    "needIndex": false,
    "notNull": false,
    "primary": false,
    "skip": false,
    "sqlColumn": "Select your location",
  },
  {
    "fieldType": "string",
    "header": "ROBO COUPE MACHINE - GRATER",
    "isHyperlink": true,
    "needIndex": false,
    "notNull": false,
    "primary": false,
    "skip": false,
    "sqlColumn": "ROBO COUPE MACHINE - GRATER",
  },
  {
    "fieldType": "string",
    "header": "Attached photo",
    "isHyperlink": true,
    "needIndex": false,
    "notNull": false,
    "primary": false,
    "skip": false,
    "sqlColumn": "Attached photo",
  },
  {
    "fieldType": "string",
    "header": "Dough mixer (big)",
    "isHyperlink": true,
    "needIndex": false,
    "notNull": false,
    "primary": false,
    "skip": false,
    "sqlColumn": "Dough mixer (big)",
  },
  {
    "fieldType": "string",
    "header": "Attach picture of machine blade / whisk etc",
    "isHyperlink": true,
    "needIndex": false,
    "notNull": false,
    "primary": false,
    "skip": false,
    "sqlColumn": "Attach picture of machine blade / whisk etc_1",
  },
  {
    "fieldType": "string",
    "header": "Coffee grinder",
    "isHyperlink": true,
    "needIndex": false,
    "notNull": false,
    "primary": false,
    "skip": false,
    "sqlColumn": "Coffee grinder",
  },
  {
    "fieldType": "string",
    "header": "Attach picture of machine blade / whisk etc",
    "isHyperlink": true,
    "needIndex": false,
    "notNull": false,
    "primary": false,
    "skip": false,
    "sqlColumn": "Attach picture of machine blade / whisk etc_2",
  },
  {
    "fieldType": "string",
    "header": "Mixer 1 (small)",
    "isHyperlink": true,
    "needIndex": false,
    "notNull": false,
    "primary": false,
    "skip": false,
    "sqlColumn": "Mixer 1 (small)",
  },
  {
    "fieldType": "string",
    "header": "Attach picture of machine blade / whisk etc",
    "isHyperlink": true,
    "needIndex": false,
    "notNull": false,
    "primary": false,
    "skip": false,
    "sqlColumn": "Attach picture of machine blade / whisk etc_3",
  },
  {
    "fieldType": "string",
    "header": "Mixer 2 (small)",
    "isHyperlink": true,
    "needIndex": false,
    "notNull": false,
    "primary": false,
    "skip": false,
    "sqlColumn": "Mixer 2 (small)",
  },
  {
    "fieldType": "string",
    "header": "Attach picture of machine blade / whisk etc",
    "isHyperlink": true,
    "needIndex": false,
    "notNull": false,
    "primary": false,
    "skip": false,
    "sqlColumn": "Attach picture of machine blade / whisk etc_4",
  },
  {
    "fieldType": "string",
    "header": "Blender 1",
    "isHyperlink": true,
    "needIndex": false,
    "notNull": false,
    "primary": false,
    "skip": false,
    "sqlColumn": "Blender 1",
  },
  {
    "fieldType": "string",
    "header": "Attach picture of machine blade / whisk etc",
    "isHyperlink": true,
    "needIndex": false,
    "notNull": false,
    "primary": false,
    "skip": false,
    "sqlColumn": "Attach picture of machine blade / whisk etc_5",
  },
  {
    "fieldType": "string",
    "header": "Blender 2",
    "isHyperlink": true,
    "needIndex": false,
    "notNull": false,
    "primary": false,
    "skip": false,
    "sqlColumn": "Blender 2",
  },
  {
    "fieldType": "string",
    "header": "Attach picture of machine blade / whisk etc",
    "isHyperlink": true,
    "needIndex": false,
    "notNull": false,
    "primary": false,
    "skip": false,
    "sqlColumn": "Attach picture of machine blade / whisk etc_6",
  },
  {
    "fieldType": "string",
    "header": "Robot coupe R 301",
    "isHyperlink": true,
    "needIndex": false,
    "notNull": false,
    "primary": false,
    "skip": false,
    "sqlColumn": "Robot coupe R 301",
  },
  {
    "fieldType": "string",
    "header": "Attach picture of machine blade / whisk etc",
    "isHyperlink": true,
    "needIndex": false,
    "notNull": false,
    "primary": false,
    "skip": false,
    "sqlColumn": "Attach picture of machine blade / whisk etc_7",
  },
  {
    "fieldType": "string",
    "header": "Slicer 1",
    "isHyperlink": true,
    "needIndex": false,
    "notNull": false,
    "primary": false,
    "skip": false,
    "sqlColumn": "Slicer 1",
  },
  {
    "fieldType": "string",
    "header": "Attach picture of machine blade / whisk etc",
    "isHyperlink": true,
    "needIndex": false,
    "notNull": false,
    "primary": false,
    "skip": false,
    "sqlColumn": "Attach picture of machine blade / whisk etc_8",
  },
  {
    "fieldType": "string",
    "header": "Dough sheeter",
    "isHyperlink": true,
    "needIndex": false,
    "notNull": false,
    "primary": false,
    "skip": false,
    "sqlColumn": "Dough sheeter",
  },
  {
    "fieldType": "string",
    "header": "Attach picture of machine blade / whisk etc",
    "isHyperlink": true,
    "needIndex": false,
    "notNull": false,
    "primary": false,
    "skip": false,
    "sqlColumn": "Attach picture of machine blade / whisk etc_9",
  },
  {
    "fieldType": "string",
    "header": "Mincing machine (big)",
    "isHyperlink": true,
    "needIndex": false,
    "notNull": false,
    "primary": false,
    "skip": false,
    "sqlColumn": "Mincing machine (big)",
  },
  {
    "fieldType": "string",
    "header": "Attach picture of machine blade / whisk etc",
    "isHyperlink": true,
    "needIndex": false,
    "notNull": false,
    "primary": false,
    "skip": false,
    "sqlColumn": "Attach picture of machine blade / whisk etc_10",
  },
  {
    "fieldType": "string",
    "header": "Mincer machine (small)",
    "isHyperlink": true,
    "needIndex": false,
    "notNull": false,
    "primary": false,
    "skip": false,
    "sqlColumn": "Mincer machine (small)",
  },
  {
    "fieldType": "string",
    "header": "Attach picture of machine blade / whisk etc",
    "isHyperlink": true,
    "needIndex": false,
    "notNull": false,
    "primary": false,
    "skip": false,
    "sqlColumn": "Attach picture of machine blade / whisk etc_11",
  },
  {
    "fieldType": "string",
    "header": "Robot coupe R 10",
    "isHyperlink": true,
    "needIndex": false,
    "notNull": false,
    "primary": false,
    "skip": false,
    "sqlColumn": "Robot coupe R 10",
  },
  {
    "fieldType": "string",
    "header": "Attach picture of machine blade",
    "isHyperlink": true,
    "needIndex": false,
    "notNull": false,
    "primary": false,
    "skip": false,
    "sqlColumn": "Attach picture of machine blade_1",
  },
  {
    "fieldType": "string",
    "header": "Hummus machine R 45",
    "isHyperlink": true,
    "needIndex": false,
    "notNull": false,
    "primary": false,
    "skip": false,
    "sqlColumn": "Hummus machine R 45",
  },
  {
    "fieldType": "string",
    "header": "Attach picture of machine blade",
    "isHyperlink": true,
    "needIndex": false,
    "notNull": false,
    "primary": false,
    "skip": false,
    "sqlColumn": "Attach picture of machine blade_2",
  },
  {
    "fieldType": "string",
    "header": "Hummus machine R 60",
    "isHyperlink": true,
    "needIndex": false,
    "notNull": false,
    "primary": false,
    "skip": false,
    "sqlColumn": "Hummus machine R 60",
  },
  {
    "fieldType": "string",
    "header": "Attach picture of machine blade",
    "isHyperlink": true,
    "needIndex": false,
    "notNull": false,
    "primary": false,
    "skip": false,
    "sqlColumn": "Attach picture of machine blade_3",
  },
  {
    "fieldType": "string",
    "header": "Robot coupe CL 50",
    "isHyperlink": true,
    "needIndex": false,
    "notNull": false,
    "primary": false,
    "skip": false,
    "sqlColumn": "Robot coupe CL 50",
  },
  {
    "fieldType": "string",
    "header": "Attach picture of machine blade",
    "isHyperlink": true,
    "needIndex": false,
    "notNull": false,
    "primary": false,
    "skip": false,
    "sqlColumn": "Attach picture of machine blade_4",
  },
  {
    "fieldType": "string",
    "header": "Tin / Can Cutter",
    "isHyperlink": true,
    "needIndex": false,
    "notNull": false,
    "primary": false,
    "skip": false,
    "sqlColumn": "Tin / Can Cutter",
  },
  {
    "fieldType": "string",
    "header": "Attach picture of machine blade",
    "isHyperlink": true,
    "needIndex": false,
    "notNull": false,
    "primary": false,
    "skip": false,
    "sqlColumn": "Attach picture of machine blade_5",
  },
  {
    "fieldType": "string",
    "header": "Knives",
    "isHyperlink": true,
    "needIndex": false,
    "notNull": false,
    "primary": false,
    "skip": false,
    "sqlColumn": "Knives",
  },
  {
    "fieldType": "string",
    "header": "Attach picture of machine blade",
    "isHyperlink": true,
    "needIndex": false,
    "notNull": false,
    "primary": false,
    "skip": false,
    "sqlColumn": "Attach picture of machine blade_6",
  },
  {
    "fieldType": "string",
    "header": "Carrot juice machine",
    "isHyperlink": true,
    "needIndex": false,
    "notNull": false,
    "primary": false,
    "skip": false,
    "sqlColumn": "Carrot juice machine",
  },
  {
    "fieldType": "string",
    "header": "Attach picture of machine blade",
    "isHyperlink": true,
    "needIndex": false,
    "notNull": false,
    "primary": false,
    "skip": false,
    "sqlColumn": "Attach picture of machine blade_7",
  },
  {
    "fieldType": "string",
    "header": "Other Machine not in list above",
    "isHyperlink": true,
    "needIndex": false,
    "notNull": false,
    "primary": false,
    "skip": false,
    "sqlColumn": "Other Machine not in list above",
  },
  {
    "fieldType": "string",
    "header": "Checklist completed by",
    "isHyperlink": true,
    "needIndex": false,
    "notNull": false,
    "primary": false,
    "skip": false,
    "sqlColumn": "Checklist completed by",
  },
]
`;

exports[`getTableConfigForAWorkSheet > should handle duplicate column names correctly 1`] = `
[
  {
    "fieldType": "string",
    "header": "Form Name",
    "isHyperlink": true,
    "needIndex": false,
    "notNull": false,
    "primary": false,
    "skip": false,
    "sqlColumn": "Form Name",
  },
  {
    "fieldType": "string",
    "header": "Submission Number",
    "isHyperlink": true,
    "needIndex": false,
    "notNull": false,
    "primary": false,
    "skip": false,
    "sqlColumn": "Submission Number",
  },
  {
    "fieldType": "string",
    "header": "Sent At",
    "isHyperlink": true,
    "needIndex": false,
    "notNull": false,
    "primary": false,
    "skip": false,
    "sqlColumn": "Sent At",
  },
  {
    "fieldType": "string",
    "header": "Sender Name",
    "isHyperlink": true,
    "needIndex": false,
    "notNull": false,
    "primary": false,
    "skip": false,
    "sqlColumn": "Sender Name",
  },
  {
    "fieldType": "string",
    "header": "Sender Identifier",
    "isHyperlink": true,
    "needIndex": false,
    "notNull": false,
    "primary": false,
    "skip": false,
    "sqlColumn": "Sender Identifier",
  },
  {
    "fieldType": "string",
    "header": "Sender Department",
    "isHyperlink": true,
    "needIndex": false,
    "notNull": false,
    "primary": false,
    "skip": false,
    "sqlColumn": "Sender Department",
  },
  {
    "fieldType": "string",
    "header": "Sender Designation",
    "isHyperlink": true,
    "needIndex": false,
    "notNull": false,
    "primary": false,
    "skip": false,
    "sqlColumn": "Sender Designation",
  },
  {
    "fieldType": "string",
    "header": "Sender Location",
    "isHyperlink": true,
    "needIndex": false,
    "notNull": false,
    "primary": false,
    "skip": false,
    "sqlColumn": "Sender Location",
  },
  {
    "fieldType": "string",
    "header": "Sender Division",
    "isHyperlink": true,
    "needIndex": false,
    "notNull": false,
    "primary": false,
    "skip": false,
    "sqlColumn": "Sender Division",
  },
  {
    "fieldType": "string",
    "header": "Sender Sub Division",
    "isHyperlink": true,
    "needIndex": false,
    "notNull": false,
    "primary": false,
    "skip": false,
    "sqlColumn": "Sender Sub Division",
  },
  {
    "fieldType": "string",
    "header": "Current Status",
    "isHyperlink": true,
    "needIndex": false,
    "notNull": false,
    "primary": false,
    "skip": false,
    "sqlColumn": "Current Status",
  },
  {
    "fieldType": "string",
    "header": "Remarks",
    "isHyperlink": true,
    "needIndex": false,
    "notNull": false,
    "primary": false,
    "skip": false,
    "sqlColumn": "Remarks",
  },
  {
    "fieldType": "string",
    "header": "Product1",
    "isHyperlink": true,
    "needIndex": false,
    "notNull": false,
    "primary": false,
    "skip": false,
    "sqlColumn": "Product1",
  },
  {
    "fieldType": "string",
    "header": "Evidence",
    "isHyperlink": true,
    "needIndex": false,
    "notNull": false,
    "primary": false,
    "skip": false,
    "sqlColumn": "Evidence_1",
  },
  {
    "fieldType": "string",
    "header": "Product2",
    "isHyperlink": true,
    "needIndex": false,
    "notNull": false,
    "primary": false,
    "skip": false,
    "sqlColumn": "Product2",
  },
  {
    "fieldType": "string",
    "header": "Evidence",
    "isHyperlink": true,
    "needIndex": false,
    "notNull": false,
    "primary": false,
    "skip": false,
    "sqlColumn": "Evidence_2",
  },
  {
    "fieldType": "string",
    "header": "Product3",
    "isHyperlink": true,
    "needIndex": false,
    "notNull": false,
    "primary": false,
    "skip": false,
    "sqlColumn": "Product3",
  },
  {
    "fieldType": "string",
    "header": "Evidence",
    "isHyperlink": true,
    "needIndex": false,
    "notNull": false,
    "primary": false,
    "skip": false,
    "sqlColumn": "Evidence_3",
  },
]
`;
